FUNCTION add :
PARAM t0
t2 := t0 + #4
t4 := *t0
t5 := *t2
t3 := t4 + t5
RETURN t3
FUNCTION main :
DEC t6 8
t7 := &t6
*t7 := #1
t8 := &t6 + #4
*t8 := #2
ARG &t6
t10 := CALL add
t9 := t10
WRITE t9
RETURN #0
