FUNCTION gcd1 :
PARAM t0
PARAM t1
t3 := t0 / t1
t4 := t3 * t1
t5 := t0 - t4
t2 := t5
LABEL label1 :
IF t2 != #0 GOTO label2
GOTO label3
LABEL label2 :
t0 := t1
t1 := t2
t6 := t0 / t1
t7 := t6 * t1
t8 := t0 - t7
t2 := t8
GOTO label1
LABEL label3 :
t9 := t1
RETURN t9
FUNCTION gcd2 :
PARAM t10
PARAM t11
t12 := #0
IF t10 > t11 GOTO label4
GOTO label5
LABEL label4 :
t13 := t10 / t11
t14 := t13 * t11
t15 := t10 - t14
t12 := t15
IF t12 == #0 GOTO label6
GOTO label7
LABEL label6 :
RETURN t11
GOTO label8
LABEL label7 :
ARG t12
ARG t11
t16 := CALL gcd2
RETURN t16
LABEL label8 :
GOTO label9
LABEL label5 :
t17 := t11 / t10
t18 := t17 * t10
t19 := t11 - t18
t12 := t19
IF t12 == #0 GOTO label10
GOTO label11
LABEL label10 :
RETURN t10
GOTO label12
LABEL label11 :
ARG t12
ARG t10
t20 := CALL gcd2
RETURN t20
LABEL label12 :
LABEL label9 :
FUNCTION main :
READ t21
t22 := t21
READ t24
t25 := t24
ARG t25
ARG t22
t27 := CALL gcd1
WRITE t27
ARG t25
ARG t22
t29 := CALL gcd2
WRITE t29
RETURN #0
