FUNCTION foo :
PARAM t0
PARAM t1
PARAM t2
t3 := t0 - t1
t4 := t2 * #2
t5 := t3 + t4
RETURN t5
FUNCTION main :
t6 := #110
t7 := #97
t8 := #3
ARG t8
ARG t7
ARG t6
t9 := CALL foo
t8 := t9
WRITE t8
RETURN #0
