FUNCTION main :
READ t1
t0 := t1
IF t0 > #0 GOTO label1
GOTO label2
LABEL label1 :
WRITE #1
GOTO label3
LABEL label2 :
IF t0 < #0 GOTO label4
GOTO label5
LABEL label4 :
t3 := #0 - #1
WRITE t3
GOTO label6
LABEL label5 :
WRITE #0
LABEL label6 :
LABEL label3 :
RETURN #0
