FUNCTION Josepy :
PARAM t0
PARAM t1
t2 := #1
t3 := #0
t4 := #0
t5 := #0
LABEL label1 :
IF t2 <= t0 GOTO label2
GOTO label3
LABEL label2 :
DEC t6 400
t7 := t2 * #4
t8 := &t6 + t7
*t8 := #1
t9 := t2 + #1
t2 := t9
GOTO label1
LABEL label3 :
t2 := #1
LABEL label4 :
IF t2 <= t0 GOTO label5
GOTO label6
LABEL label5 :
t10 := t2 * #4
t11 := &t6 + t10
t12 := *t11
IF t12 == #1 GOTO label7
GOTO label8
LABEL label7 :
t13 := t2 * #4
t14 := &t6 + t13
t16 := *t14
t15 := t3 + t16
t3 := t15
IF t3 == t1 GOTO label9
GOTO label10
LABEL label9 :
WRITE t2
t3 := #0
t18 := t2 * #4
t19 := &t6 + t18
*t19 := #0
t20 := t4 + #1
t4 := t20
LABEL label10 :
IF t4 == t0 GOTO label11
GOTO label12
LABEL label11 :
t5 := t2
RETURN #0
LABEL label12 :
LABEL label8 :
IF t2 == t0 GOTO label13
GOTO label14
LABEL label13 :
t2 := #0
LABEL label14 :
t21 := t2 + #1
t2 := t21
GOTO label4
LABEL label6 :
RETURN #0
FUNCTION main :
READ t23
t22 := t23
READ t25
t24 := t25
ARG t24
ARG t22
t26 := CALL Josepy
RETURN #0
