FUNCTION add :
PARAM t0
t1 := #0 * #4
t2 := t0 + t1
t3 := #1 * #4
t4 := t0 + t3
t6 := *t2
t7 := *t4
t5 := t6 + t7
RETURN t5
FUNCTION main :
t8 := #0
t9 := #0
LABEL label1 :
IF t8 < #2 GOTO label2
GOTO label3
LABEL label2 :
LABEL label4 :
IF t9 < #2 GOTO label5
GOTO label6
LABEL label5 :
DEC t10 8
t11 := t9 * #4
t12 := &t10 + t11
t13 := t8 + t9
*t12 := t13
t14 := t9 + #1
t9 := t14
GOTO label4
LABEL label6 :
DEC t15 8
t16 := #0 * #8
t17 := &t15 + t16
t18 := t8 * #4
t19 := t17 + t18
ARG &t10
t20 := CALL add
*t19 := t20
t21 := #0 * #8
t22 := &t15 + t21
t23 := t8 * #4
t24 := t22 + t23
t26 := *t24
WRITE t26
t27 := t8 + #1
t8 := t27
t9 := #0
GOTO label1
LABEL label3 :
RETURN #0
