FUNCTION main :
READ t1
t0 := t1
READ t3
t2 := t3
t4 := t0 / #100
t5 := t4 * #100
IF t0 == t5 GOTO label1
GOTO label2
LABEL label1 :
t6 := t0 / #400
t7 := t6 * #400
IF t0 == t7 GOTO label3
GOTO label4
LABEL label3 :
IF t2 == #2 GOTO label5
GOTO label6
LABEL label5 :
WRITE #29
GOTO label7
LABEL label6 :
t9 := t2 / #2
t10 := t9 * #2
IF t2 == t10 GOTO label8
GOTO label9
LABEL label8 :
WRITE #30
GOTO label10
LABEL label9 :
WRITE #31
LABEL label10 :
LABEL label7 :
GOTO label11
LABEL label4 :
IF t2 == #2 GOTO label12
GOTO label13
LABEL label12 :
WRITE #28
GOTO label14
LABEL label13 :
t14 := t2 / #2
t15 := t14 * #2
IF t2 == t15 GOTO label15
GOTO label16
LABEL label15 :
WRITE #30
GOTO label17
LABEL label16 :
WRITE #31
LABEL label17 :
LABEL label14 :
LABEL label11 :
GOTO label18
LABEL label2 :
t18 := t0 / #4
t19 := t18 * #4
IF t0 == t19 GOTO label19
GOTO label20
LABEL label19 :
IF t2 == #2 GOTO label21
GOTO label22
LABEL label21 :
WRITE #29
GOTO label23
LABEL label22 :
t21 := t2 / #2
t22 := t21 * #2
IF t2 == t22 GOTO label24
GOTO label25
LABEL label24 :
WRITE #30
GOTO label26
LABEL label25 :
WRITE #31
LABEL label26 :
LABEL label23 :
GOTO label27
LABEL label20 :
IF t2 == #2 GOTO label28
GOTO label29
LABEL label28 :
WRITE #28
GOTO label30
LABEL label29 :
t26 := t2 / #2
t27 := t26 * #2
IF t2 == t27 GOTO label31
GOTO label32
LABEL label31 :
WRITE #30
GOTO label33
LABEL label32 :
WRITE #31
LABEL label33 :
LABEL label30 :
LABEL label27 :
LABEL label18 :
RETURN #0
