FUNCTION main :
t0 := #5
t2 := t0 * t0
t3 := t0 + #2
t4 := t2 * t3
t1 := t4
WRITE t1
t7 := t1 / t0
t8 := t7 + #1
t6 := t8
WRITE t6
t11 := t0 + t1
t12 := t6 * #3
t13 := t11 - t12
t14 := t1 / t0
t15 := t14 - #4
t16 := t13 + t15
t10 := t16
WRITE t10
RETURN #0
