FUNCTION main :
t0 := #30
t1 := #0
t2 := #1
t3 := #1
LABEL label1 :
IF t3 <= t0 GOTO label2
GOTO label3
LABEL label2 :
LABEL label4 :
IF t2 <= t3 GOTO label5
GOTO label6
LABEL label5 :
t4 := t3 / t2
t5 := t4 * t2
IF t3 == t5 GOTO label7
GOTO label8
LABEL label7 :
t6 := t1 + #1
t1 := t6
LABEL label8 :
t7 := t2 + #1
t2 := t7
GOTO label4
LABEL label6 :
IF t1 == #2 GOTO label9
GOTO label10
LABEL label9 :
WRITE t3
LABEL label10 :
t2 := #1
t1 := #0
t9 := t3 + #1
t3 := t9
GOTO label1
LABEL label3 :
RETURN #0
