FUNCTION hanoi :
PARAM t0
PARAM t1
PARAM t2
PARAM t3
IF t0 == #1 GOTO label1
GOTO label2
LABEL label1 :
t4 := t1 * #1000000
t5 := t4 + t3
WRITE t5
GOTO label3
LABEL label2 :
t7 := t0 - #1
ARG t2
ARG t3
ARG t1
ARG t7
t8 := CALL hanoi
t9 := t1 * #1000000
t10 := t9 + t3
WRITE t10
t12 := t0 - #1
ARG t3
ARG t1
ARG t2
ARG t12
t13 := CALL hanoi
LABEL label3 :
RETURN #0
FUNCTION main :
t14 := #3
ARG #3
ARG #2
ARG #1
ARG t14
t15 := CALL hanoi
RETURN #0
