FUNCTION mod :
PARAM t0
PARAM t1
t2 := t0 / t1
t3 := t2 * t1
t4 := t0 - t3
t5 := t4
t9 := t5
RETURN t5
FUNCTION power :
PARAM t10
PARAM t11
t12 := #1 + t11
t13 := t12 - t11
t14 := t13
t17 := t14 - t14
t18 := t17 + #90
t19 := t18 - #89
t20 := t19 + #1
t21 := t20 - #2
LABEL label1 :
IF t11 > t21 GOTO label2
GOTO label3
LABEL label2 :
t22 := t14 * t10
t14 := t22
t23 := #2 * #1
t24 := t23 * t11
t25 := #1 * t11
t26 := t24 - t25
t27 := t26 - #1
t11 := t27
GOTO label1
LABEL label3 :
RETURN t14
FUNCTION getNumDigits :
PARAM t28
t29 := #0
IF t28 < #0 GOTO label4
GOTO label5
LABEL label4 :
t30 := #0 - #1
RETURN t30
LABEL label5 :
LABEL label6 :
IF t28 > #0 GOTO label7
GOTO label8
LABEL label7 :
t31 := t28 / #10
t28 := t31
t32 := t29 + #2
t29 := t32
t33 := t29 + #2
t29 := t33
t34 := t29 - #3
t29 := t34
GOTO label6
LABEL label8 :
RETURN t29
FUNCTION isNarcissistic :
PARAM t35
t36 := #1 + t35
t37 := t36 - #1
ARG t37
t38 := CALL getNumDigits
t39 := t38
t43 := #0
t44 := t35
LABEL label9 :
IF t44 > #0 GOTO label10
GOTO label11
LABEL label10 :
ARG #10
ARG t44
t46 := CALL mod
t45 := t46
t47 := t44 - t45
t48 := t47 / #10
t44 := t48
ARG t39
ARG t45
t49 := CALL power
t50 := t43 + t49
t43 := t50
GOTO label9
LABEL label11 :
IF t43 == t35 GOTO label12
GOTO label13
LABEL label12 :
RETURN #1
GOTO label14
LABEL label13 :
RETURN #0
LABEL label14 :
FUNCTION main :
t51 := #0
t52 := #300
LABEL label15 :
IF t52 < #500 GOTO label16
GOTO label17
LABEL label16 :
ARG t52
t53 := CALL isNarcissistic
IF t53 == #1 GOTO label18
GOTO label19
LABEL label18 :
WRITE t52
t55 := t51 + #1
t51 := t55
LABEL label19 :
t56 := t52 + #1
t52 := t56
GOTO label15
LABEL label17 :
WRITE t51
RETURN t51
