FUNCTION sqr :
PARAM t0
t1 := t0 * t0
RETURN t1
FUNCTION cbc :
PARAM t2
t3 := t2 * t2
t4 := t3 * t2
RETURN t4
FUNCTION main :
READ t6
t5 := t6
WRITE t5
ARG t5
t9 := CALL sqr
t8 := t9
WRITE t8
ARG t5
t11 := CALL cbc
t8 := t11
WRITE t8
RETURN #0
