Error type 14 at Line 10: Accessing an undefined structure member
Error type 14 at Line 12: Accessing an undefined structure member
