Error type 1 at Line 5: Variable x3 is used without definition
