Error type A at Line 3: Mysterious lexeme 0x77G
Error type A at Line 4: Mysterious lexeme 0xCS
Error type A at Line 7: Mysterious lexeme '\x6u'
Error type A at Line 8: Mysterious lexeme '\x910'
